// Jest Snapshot v1, https://goo.gl/fbAQLP

exports[`Sign Up Screen should match the snapshot 1`] = `
<RCTSafeAreaView
  style={
    {
      "flex": 1,
    }
  }
>
  <View
    onLayout={[Function]}
    style={
      [
        {
          "alignItems": "center",
          "flex": 1,
          "justifyContent": "center",
        },
        {
          "paddingBottom": 0,
        },
      ]
    }
  >
    <View
      style={
        {
          "alignSelf": "flex-start",
          "marginLeft": 10,
        }
      }
    >
      <View
        accessibilityState={
          {
            "busy": undefined,
            "checked": undefined,
            "disabled": undefined,
            "expanded": undefined,
            "selected": undefined,
          }
        }
        accessibilityValue={
          {
            "max": undefined,
            "min": undefined,
            "now": undefined,
            "text": undefined,
          }
        }
        accessible={true}
        collapsable={false}
        focusable={true}
        onClick={[Function]}
        onResponderGrant={[Function]}
        onResponderMove={[Function]}
        onResponderRelease={[Function]}
        onResponderTerminate={[Function]}
        onResponderTerminationRequest={[Function]}
        onStartShouldSetResponder={[Function]}
        style={
          {
            "opacity": 1,
          }
        }
      />
    </View>
    <RCTScrollView
      contentContainerStyle={
        {
          "alignItems": "center",
          "flex": 1,
          "justifyContent": "center",
        }
      }
    >
      <View>
        <Text
          style={
            {
              "alignSelf": "center",
              "fontFamily": "Satoshi-Medium",
              "fontSize": 30,
              "fontWeight": "600",
            }
          }
        >
          Welcome to 
          <Text
            style={
              {
                "color": "#45B369",
              }
            }
          >
            BirdieTrackr
          </Text>
        </Text>
        <Text
          style={
            {
              "alignSelf": "center",
              "color": "grey",
              "fontFamily": "Satoshi-Medium",
              "fontSize": 17,
              "margin": 5,
              "textAlign": "center",
            }
          }
        >
          Create a commitment-free profile to explore products.
        </Text>
        <View
          style={
            {
              "backgroundColor": "white",
              "borderRadius": 20,
              "flexDirection": "row",
              "height": 50,
              "margin": 2,
              "width": 327,
            }
          }
        >
          <TextInput
            autoCorrect={false}
            onChangeText={[Function]}
            placeholder="Username"
            style={
              {
                "flex": 1,
              }
            }
            value=""
          />
        </View>
        <View
          style={
            {
              "backgroundColor": "white",
              "borderRadius": 20,
              "flexDirection": "row",
              "height": 50,
              "margin": 2,
              "width": 327,
            }
          }
        >
          <TextInput
            autoCorrect={false}
            onChangeText={[Function]}
            placeholder="First Name"
            style={
              {
                "flex": 1,
              }
            }
            value=""
          />
        </View>
        <View
          style={
            {
              "backgroundColor": "white",
              "borderRadius": 20,
              "flexDirection": "row",
              "height": 50,
              "margin": 2,
              "width": 327,
            }
          }
        >
          <TextInput
            autoCorrect={false}
            onChangeText={[Function]}
            placeholder="Last Name"
            style={
              {
                "flex": 1,
              }
            }
            value=""
          />
        </View>
        <View
          style={
            {
              "backgroundColor": "white",
              "borderRadius": 20,
              "flexDirection": "row",
              "height": 50,
              "margin": 2,
              "width": 327,
            }
          }
        >
          <TextInput
            autoCapitalize="none"
            autoCorrect={false}
            onBlur={[Function]}
            onChangeText={[Function]}
            placeholder="Email"
            style={
              {
                "flex": 1,
              }
            }
            value=""
          />
        </View>
        <View
          style={
            {
              "backgroundColor": "white",
              "borderRadius": 20,
              "flexDirection": "row",
              "height": 50,
              "margin": 2,
              "width": 327,
            }
          }
        >
          <TextInput
            onChangeText={[Function]}
            placeholder="City"
            style={
              {
                "flex": 1,
              }
            }
            value=""
          />
        </View>
        <View
          style={
            {
              "backgroundColor": "white",
              "borderRadius": 20,
              "flexDirection": "row",
              "height": 50,
              "margin": 2,
              "width": 327,
            }
          }
        >
          <TextInput
            onChangeText={[Function]}
            placeholder="State"
            style={
              {
                "flex": 1,
              }
            }
          />
        </View>
        <View
          style={
            {
              "backgroundColor": "white",
              "borderRadius": 20,
              "flexDirection": "row",
              "height": 50,
              "margin": 2,
              "width": 327,
            }
          }
        >
          <TextInput
            autoCorrect={false}
            onChangeText={[Function]}
            placeholder="Password"
            secureTextEntry={true}
            style={
              {
                "flex": 1,
              }
            }
            value=""
          />
          <View
            accessibilityState={
              {
                "busy": undefined,
                "checked": undefined,
                "disabled": undefined,
                "expanded": undefined,
                "selected": undefined,
              }
            }
            accessibilityValue={
              {
                "max": undefined,
                "min": undefined,
                "now": undefined,
                "text": undefined,
              }
            }
            accessible={true}
            collapsable={false}
            focusable={true}
            onClick={[Function]}
            onResponderGrant={[Function]}
            onResponderMove={[Function]}
            onResponderRelease={[Function]}
            onResponderTerminate={[Function]}
            onResponderTerminationRequest={[Function]}
            onStartShouldSetResponder={[Function]}
            style={
              {
                "opacity": 1,
              }
            }
          />
        </View>
        <Text
          style={
            {
              "color": "red",
              "marginTop": 10,
            }
          }
        />
      </View>
    </RCTScrollView>
  </View>
  <View
    accessibilityState={
      {
        "busy": undefined,
        "checked": undefined,
        "disabled": true,
        "expanded": undefined,
        "selected": undefined,
      }
    }
    accessibilityValue={
      {
        "max": undefined,
        "min": undefined,
        "now": undefined,
        "text": undefined,
      }
    }
    accessible={true}
    collapsable={false}
    focusable={true}
    onClick={[Function]}
    onResponderGrant={[Function]}
    onResponderMove={[Function]}
    onResponderRelease={[Function]}
    onResponderTerminate={[Function]}
    onResponderTerminationRequest={[Function]}
    onStartShouldSetResponder={[Function]}
    style={
      {
        "alignItems": "center",
        "alignSelf": "center",
        "backgroundColor": "#2D6061",
        "borderRadius": 14,
        "height": 56,
        "justifyContent": "center",
        "margin": 15,
        "opacity": 0.4,
        "width": 327,
      }
    }
  >
    <Text
      style={
        {
          "color": "white",
          "fontFamily": "Satoshi-Medium",
          "fontSize": 18,
          "fontWeight": "500",
        }
      }
    >
      Sign Up
    </Text>
  </View>
  <View>
    <Text
      numberOfLines={2}
      style={
        {
          "color": "#6B7280",
          "fontFamily": "Satoshi-Medium",
          "fontSize": 14,
          "paddingBottom": 5,
          "textAlign": "center",
        }
      }
    >
      By signing up, you agree to the
       
      <Text
        style={
          {
            "color": "black",
            "fontWeight": "400",
          }
        }
      >
        BirdieTrackr Terms & Conditions
      </Text>
       
      and 
      <Text
        style={
          {
            "color": "black",
            "fontWeight": "400",
          }
        }
      >
        Privacy Policy
      </Text>
      .
    </Text>
  </View>
</RCTSafeAreaView>
`;
